
--- Simultaneous Fit (GaussianPb_Expb) : PL=-1, b_min>=3, eta in [6, 10] ---
Re A2B points: 225, Im A2B points: 175, Re A12B points: 230
Covariance Matrix size: (630, 630)
Starting multiprocessing fit...
/opt/homebrew/anaconda3/lib/python3.11/multiprocessing/reduction.py:60: UserWarning: Pickling GVars with pickle.dump/load loses correlations; use gvar.dump/load to preserve them.
  ForkingPickler(file, protocol).dump(obj)

--- Final Extracted Parameters ---
         f = 0.4307(44)
     k1_re = 11.35(18)
     k2_re = -31.93(99)
      a_re = 3.69(11)
      c_re = 0.169(16)
      d_re = 0.5463(66)
      a_im = 0.05(12)
      c_im = 0.57(17)
      d_im = 0.252(87)
  a_reA12B = 1.185(89)
  c_reA12B = 0.0038(69)
  d_reA12B = 0.592(22)

 chi^2/dof : 2.39(12)


Saving results to /Users/hariprashadravikumar/Lattice_QCD_TMD_PhD/sivers_TMD_PhD_project/save_h5_A12B_A2B/h5data//FitParams_SimulFit_GaussianPb_Expb_bmin3_eta610_PL-1.h5...
Save complete!

--- Simultaneous Fit (GaussianPb_Expb) : PL=-2, b_min>=3, eta in [6, 10] ---
Re A2B points: 225, Im A2B points: 175, Re A12B points: 230
Covariance Matrix size: (630, 630)
Starting multiprocessing fit...

--- Final Extracted Parameters ---
         f = 0.4721(99)
     k1_re = 10.40(24)
     k2_re = -26.7(13)
      a_re = 4.54(30)
      c_re = 0.0546(79)
      d_re = 0.608(15)
      a_im = 0.243(15)
      c_im = 0.367(51)
      d_im = 0.218(15)
  a_reA12B = 1.127(88)
  c_reA12B = 0.0021(21)
  d_reA12B = 0.602(25)

 chi^2/dof : 2.01(11)


Saving results to /Users/hariprashadravikumar/Lattice_QCD_TMD_PhD/sivers_TMD_PhD_project/save_h5_A12B_A2B/h5data//FitParams_SimulFit_GaussianPb_Expb_bmin3_eta610_PL-2.h5...
Save complete!

--- Simultaneous Fit (GaussianPb_Expb) : PL=-3, b_min>=3, eta in [6, 10] ---
Re A2B points: 225, Im A2B points: 175, Re A12B points: 230
Covariance Matrix size: (630, 630)
Starting multiprocessing fit...

--- Final Extracted Parameters ---
         f = 0.513(20)
     k1_re = 11.35(28)
     k2_re = -32.2(15)
      a_re = 5.28(53)
      c_re = 0.046(16)
      d_re = 0.687(35)
      a_im = 0.25982(16)
      c_im = 0.3016(15)
      d_im = 0.20020(19)
  a_reA12B = 0.56(10)
  c_reA12B = 0.0016(15)
  d_reA12B = 0.478(47)

 chi^2/dof : 0.945(76)


Saving results to /Users/hariprashadravikumar/Lattice_QCD_TMD_PhD/sivers_TMD_PhD_project/save_h5_A12B_A2B/h5data//FitParams_SimulFit_GaussianPb_Expb_bmin3_eta610_PL-3.h5...
Save complete!

--- Simultaneous Fit (GaussianPb_Expb) : PL=-4, b_min>=3, eta in [6, 10] ---
Re A2B points: 225, Im A2B points: 175, Re A12B points: 230
Covariance Matrix size: (630, 630)
Starting multiprocessing fit...

--- Final Extracted Parameters ---
         f = 0.577(35)
     k1_re = 12.06(38)
     k2_re = -36.0(22)
      a_re = 6.07(31)
      c_re = 0.019(19)
      d_re = 0.655(64)
      a_im = 0.260000002(17)
      c_im = 0.29999997(28)
      d_im = 0.199999998(20)
  a_reA12B = 0.439(98)
  c_reA12B = 0.0043(27)
  d_reA12B = 0.427(54)

 chi^2/dof : 0.453(52)


Saving results to /Users/hariprashadravikumar/Lattice_QCD_TMD_PhD/sivers_TMD_PhD_project/save_h5_A12B_A2B/h5data//FitParams_SimulFit_GaussianPb_Expb_bmin3_eta610_PL-4.h5...
Save complete!
